$ next build
[baseline-browser-mapping] The data in this module is over two months old.  To ensure accurate Baseline data, please update: `npm i baseline-browser-mapping@latest -D`
   ▲ Next.js 16.0.5 (Turbopack)
   - Environments: .env

 ⚠ The "middleware" file convention is deprecated. Please use "proxy" instead. Learn more: https://nextjs.org/docs/messages/middleware-to-proxy
   Creating an optimized production build ...
[baseline-browser-mapping] The data in this module is over two months old.  To ensure accurate Baseline data, please update: `npm i baseline-browser-mapping@latest -D`
 ✓ Compiled successfully in 44s
   Skipping validation of types
   Collecting page data using 3 workers ...
[baseline-browser-mapping] The data in this module is over two months old.  To ensure accurate Baseline data, please update: `npm i baseline-browser-mapping@latest -D`
[baseline-browser-mapping] The data in this module is over two months old.  To ensure accurate Baseline data, please update: `npm i baseline-browser-mapping@latest -D`
[baseline-browser-mapping] The data in this module is over two months old.  To ensure accurate Baseline data, please update: `npm i baseline-browser-mapping@latest -D`
   Generating static pages using 3 workers (0/57) ...
[baseline-browser-mapping] The data in this module is over two months old.  To ensure accurate Baseline data, please update: `npm i baseline-browser-mapping@latest -D`
[baseline-browser-mapping] The data in this module is over two months old.  To ensure accurate Baseline data, please update: `npm i baseline-browser-mapping@latest -D`
[baseline-browser-mapping] The data in this module is over two months old.  To ensure accurate Baseline data, please update: `npm i baseline-browser-mapping@latest -D`
   Generating static pages using 3 workers (14/57) 
Error occurred prerendering page "/admin/collections". Read more: https://nextjs.org/docs/messages/prerender-error
Error: Could not parse module '[project]/src/actions/currencies.ts', file not found
    at module evaluation (E:\Dipesh\Shopify Lite\my-app\.next\server\chunks\ssr\_e8bedc3b._.js:1:2826)
    at instantiateModule (E:\Dipesh\Shopify Lite\my-app\.next\server\chunks\ssr\[turbopack]_runtime.js:715:9)
    at getOrInstantiateModuleFromParent (E:\Dipesh\Shopify Lite\my-app\.next\server\chunks\ssr\[turbopack]_runtime.js:738:12)
    at Context.esmImport [as i] (E:\Dipesh\Shopify Lite\my-app\.next\server\chunks\ssr\[turbopack]_runtime.js:228:20)
    at module evaluation (E:\Dipesh\Shopify Lite\my-app\.next\server\chunks\ssr\_e8bedc3b._.js:1:26221)
    at instantiateModule (E:\Dipesh\Shopify Lite\my-app\.next\server\chunks\ssr\[turbopack]_runtime.js:715:9)
    at getOrInstantiateModuleFromParent (E:\Dipesh\Shopify Lite\my-app\.next\server\chunks\ssr\[turbopack]_runtime.js:738:12)
    at Context.commonJsRequire [as r] (E:\Dipesh\Shopify Lite\my-app\.next\server\chunks\ssr\[turbopack]_runtime.js:249:12) {
  code: 'MODULE_UNPARSABLE',
  digest: '1531862667'
}
Export encountered an error on /(admin)/admin/collections/page: /admin/collections, exiting the build.
Error occurred prerendering page "/sitemap.xml". Read more: https://nextjs.org/docs/messages/prerender-error
TypeError: (intermediate value).map is not a function
    at ignore-listed frames
Export encountered an error on /sitemap.xml/route: /sitemap.xml, exiting the build.
 ⨯ Next.js build worker exited with code: 1 and signal: null
error: script "build" exited with code 1
